---
source: src/native/user_native.rs
expression: result
---
users:
  - uniqueId: "1691421275437"
    lastLanguage: ~
    creator: Paul Sanders(1681162687395)
    numberOfForms: 1
    forms:
      - name: form.name.demographics
        lastModified: "2023-08-07T15:15:41Z"
        whoLastModifiedName: Paul Sanders
        whoLastModifiedRole: Project Manager
        whenCreated: 1691421341578
        hasErrors: false
        hasWarnings: false
        locked: false
        user: ~
        dateTimeChanged: ~
        formTitle: User Demographics
        formIndex: 1
        formGroup: ~
        formState: In-Work
        states:
          - value: form.state.in.work
            signer: Paul Sanders - Project Manager
            signerUniqueId: "1681162687395"
            dateSigned: "2023-08-07T15:15:41Z"
        categories:
          - name: demographics
            categoryType: normal
            highestIndex: 0
            fields:
              - name: address
                fieldType: text
                dataType: string
                errorCode: undefined
                whenCreated: "2024-01-12T20:14:09Z"
                keepHistory: true
                entries: ~
                comments: ~
              - name: email
                fieldType: text
                dataType: string
                errorCode: undefined
                whenCreated: "2023-08-07T15:15:41Z"
                keepHistory: true
                entries:
                  - entryId: "1"
                    value:
                      by: Paul Sanders
                      byUniqueId: "1681162687395"
                      role: Project Manager
                      when: "2023-08-07T15:15:41Z"
                      value: jazz@artemis.com
                    reason: ~
                comments: ~
          - name: Administrative
            categoryType: normal
            highestIndex: 0
            fields:
              - name: study_assignment
                fieldType: text
                dataType: ~
                errorCode: undefined
                whenCreated: "2023-08-07T15:15:41Z"
                keepHistory: true
                entries:
                  - entryId: "1"
                    value:
                      by: set from calculation
                      byUniqueId: ~
                      role: System
                      when: "2023-08-07T15:15:41Z"
                      value: "On 07-Aug-2023 10:15 -0500, Paul Sanders assigned user from another study"
                    reason:
                      by: set from calculation
                      byUniqueId: ~
                      role: System
                      when: "2023-08-07T15:15:41Z"
                      value: calculated value
                comments: ~
